// Jest Snapshot v1, https://goo.gl/fbAQLP

exports[`<App /> should render and match the snapshot 1`] = `
<BrowserRouter>
  <Grommet
    full={true}
    theme={
      Object {
        "chart": Object {},
        "defaultMode": "dark",
        "diagram": Object {
          "line": Object {},
        },
        "global": Object {
          "active": Object {
            "background": "active-background",
            "color": "active-text",
          },
          "colors": Object {
            "active-background": "background-contrast",
            "active-text": "text-strong",
            "background": Object {
              "dark": "#111111",
              "light": "#FFFFFF",
            },
            "background-back": Object {
              "dark": "#111111",
              "light": "#EEEEEE",
            },
            "background-contrast": Object {
              "dark": "#FFFFFF11",
              "light": "#11111111",
            },
            "background-front": Object {
              "dark": "#222222",
              "light": "#FFFFFF",
            },
            "border": Object {
              "dark": "#444444",
              "light": "#CCCCCC",
            },
            "brand": Object {
              "dark": "#1e81b0",
              "light": "#1778ab",
            },
            "control": "brand",
            "graph-0": "brand",
            "graph-1": "status-warning",
            "selected-background": "brand",
            "selected-text": "text-strong",
            "status-critical": "#FF4040",
            "status-disabled": "#CCCCCC",
            "status-ok": "#00C781",
            "status-unknown": "#CCCCCC",
            "status-warning": "#FFAA15",
            "text": Object {
              "dark": "#EEEEEE",
              "light": "#333333",
            },
            "text-strong": Object {
              "dark": "#FFFFFF",
              "light": "#000000",
            },
            "text-weak": Object {
              "dark": "#CCCCCC",
              "light": "#444444",
            },
            "text-xweak": Object {
              "dark": "#999999",
              "light": "#666666",
            },
          },
          "font": Object {
            "face": "/* cyrillic-ext */
@font-face {
  font-family: 'Roboto';
  font-style: normal;
  font-weight: 400;
  src: url(https://fonts.gstatic.com/s/roboto/v29/KFOmCnqEu92Fr1Mu72xKKTU1Kvnz.woff2) format('woff2');
  unicode-range: U+0460-052F, U+1C80-1C88, U+20B4, U+2DE0-2DFF, U+A640-A69F, U+FE2E-FE2F;
}
/* cyrillic */
@font-face {
  font-family: 'Roboto';
  font-style: normal;
  font-weight: 400;
  src: url(https://fonts.gstatic.com/s/roboto/v29/KFOmCnqEu92Fr1Mu5mxKKTU1Kvnz.woff2) format('woff2');
  unicode-range: U+0400-045F, U+0490-0491, U+04B0-04B1, U+2116;
}
/* greek-ext */
@font-face {
  font-family: 'Roboto';
  font-style: normal;
  font-weight: 400;
  src: url(https://fonts.gstatic.com/s/roboto/v29/KFOmCnqEu92Fr1Mu7mxKKTU1Kvnz.woff2) format('woff2');
  unicode-range: U+1F00-1FFF;
}
/* greek */
@font-face {
  font-family: 'Roboto';
  font-style: normal;
  font-weight: 400;
  src: url(https://fonts.gstatic.com/s/roboto/v29/KFOmCnqEu92Fr1Mu4WxKKTU1Kvnz.woff2) format('woff2');
  unicode-range: U+0370-03FF;
}
/* vietnamese */
@font-face {
  font-family: 'Roboto';
  font-style: normal;
  font-weight: 400;
  src: url(https://fonts.gstatic.com/s/roboto/v29/KFOmCnqEu92Fr1Mu7WxKKTU1Kvnz.woff2) format('woff2');
  unicode-range: U+0102-0103, U+0110-0111, U+0128-0129, U+0168-0169, U+01A0-01A1, U+01AF-01B0, U+1EA0-1EF9, U+20AB;
}
/* latin-ext */
@font-face {
  font-family: 'Roboto';
  font-style: normal;
  font-weight: 400;
  src: url(https://fonts.gstatic.com/s/roboto/v29/KFOmCnqEu92Fr1Mu7GxKKTU1Kvnz.woff2) format('woff2');
  unicode-range: U+0100-024F, U+0259, U+1E00-1EFF, U+2020, U+20A0-20AB, U+20AD-20CF, U+2113, U+2C60-2C7F, U+A720-A7FF;
}
/* latin */
@font-face {
  font-family: 'Roboto';
  font-style: normal;
  font-weight: 400;
  src: url(https://fonts.gstatic.com/s/roboto/v29/KFOmCnqEu92Fr1Mu4mxKKTU1Kg.woff2) format('woff2');
  unicode-range: U+0000-00FF, U+0131, U+0152-0153, U+02BB-02BC, U+02C6, U+02DA, U+02DC, U+2000-206F, U+2074, U+20AC, U+2122, U+2191, U+2193, U+2212, U+2215, U+FEFF, U+FFFD;
}
",
            "family": "\\"Roboto\\"",
          },
          "hover": Object {
            "background": "active-background",
            "color": "active-text",
          },
          "selected": Object {
            "background": "selected-background",
            "color": "selected-text",
          },
        },
        "layer": Object {
          "background": Object {
            "dark": "#111111",
            "light": "#FFFFFF",
          },
        },
        "meter": Object {},
        "name": "my theme",
        "rounding": 4,
        "spacing": 24,
        "tip": Object {
          "content": Object {
            "background": Object {
              "color": "background",
            },
            "elevation": "none",
            "round": false,
          },
        },
      }
    }
    themeMode="dark"
  >
    <Helmet
      defaultTitle="React Boilerplate"
      defer={true}
      encodeSpecialCharacters={true}
      htmlAttributes={
        Object {
          "lang": undefined,
        }
      }
      prioritizeSeoTags={false}
      titleTemplate="%s - React Boilerplate"
    >
      <meta
        content="A React Boilerplate application"
        name="description"
      />
    </Helmet>
    <Routes>
      <Route
        element={
          <Unknown
            darkMode={true}
            setDarkMode={[Function]}
          />
        }
        path="/"
      />
      <Route
        element={<Unknown />}
      />
    </Routes>
  </Grommet>
</BrowserRouter>
`;
